// Jest Snapshot v1, https://goo.gl/fbAQLP

exports[`dGrants gas tests GrantRegistry createGrant 1`] = `166893`;

exports[`dGrants gas tests GrantRegistry updateGrantMetaPtr 1`] = `47173`;

exports[`dGrants gas tests GrantRegistry updateGrantMetaPtr 2`] = `53975`;

exports[`dGrants gas tests GrantRegistry updateGrantOwner 1`] = `41856`;

exports[`dGrants gas tests GrantRegistry updateGrantPayee 1`] = `41860`;

exports[`dGrants gas tests GrantRoundManager createGrantRound 1`] = `983308`;

exports[`dGrants gas tests GrantRoundManager five donations input token DAI, output token DAI 1`] = `227236`;

exports[`dGrants gas tests GrantRoundManager five donations input token ETH, output token DAI 1`] = `324236`;

exports[`dGrants gas tests GrantRoundManager five donations input token GTC, output token DAI 1`] = `390543`;

exports[`dGrants gas tests GrantRoundManager one donation input token DAI, output token DAI 1`] = `91436`;

exports[`dGrants gas tests GrantRoundManager one donation input token ETH, output token DAI 1`] = `185298`;

exports[`dGrants gas tests GrantRoundManager one donation input token GTC, output token DAI 1`] = `238339`;
